[    0.000000] Linux version 4.15.0-212-generic (buildd@lcy02-amd64-083) (gcc version 7.5.0 (Ubuntu 7.5.0-3ubuntu1~18.04)) #223-Ubuntu SMP Tue May 23 13:09:22 UTC 2023 (Ubuntu 4.15.0-212.223-generic 4.15.18)
[    0.000000] Command line: BOOT_IMAGE=/boot/vmlinuz-4.15.0-212-generic root=LABEL=cloudimg-rootfs ro console=tty1 console=ttyS0
[    0.000000] KERNEL supported cpus:
[    0.000000]   Intel GenuineIntel
[    0.000000]   AMD AuthenticAMD
[    0.000000]   Centaur CentaurHauls
[    0.000000] x86/fpu: x87 FPU will use FXSAVE
[    0.000000] e820: BIOS-provided physical RAM map:
[    0.000000] BIOS-e820: [mem 0x0000000000000000-0x000000000009fbff] usable
[    0.000000] BIOS-e820: [mem 0x000000000009fc00-0x000000000009ffff] reserved
[    0.000000] BIOS-e820: [mem 0x00000000000f0000-0x00000000000fffff] reserved
[    0.000000] BIOS-e820: [mem 0x0000000000100000-0x000000001ffeffff] usable
[    0.000000] BIOS-e820: [mem 0x000000001fff0000-0x000000001fffffff] ACPI data
[    0.000000] BIOS-e820: [mem 0x00000000fec00000-0x00000000fec00fff] reserved
[    0.000000] BIOS-e820: [mem 0x00000000fee00000-0x00000000fee00fff] reserved
[    0.000000] BIOS-e820: [mem 0x00000000fffc0000-0x00000000ffffffff] reserved
[    0.000000] NX (Execute Disable) protection: active
[    0.000000] SMBIOS 2.5 present.
[    0.000000] DMI: innotek GmbH VirtualBox/VirtualBox, BIOS VirtualBox 12/01/2006
[    0.000000] Hypervisor detected: KVM
[    0.000000] e820: last_pfn = 0x1fff0 max_arch_pfn = 0x400000000
[    0.000000] MTRR: Disabled
[    0.000000] x86/PAT: MTRRs disabled, skipping PAT initialization too.
[    0.000000] CPU MTRRs all blank - virtualized system.
[    0.000000] x86/PAT: Configuration [0-7]: WB  WT  UC- UC  WB  WT  UC- UC  
[    0.000000] found SMP MP-table at [mem 0x0009fff0-0x0009ffff]
[    0.000000] Scanning 1 areas for low memory corruption
[    0.000000] RAMDISK: [mem 0x1db01000-0x1ee12fff]
[    0.000000] ACPI: Early table checksum verification disabled
[    0.000000] ACPI: RSDP 0x00000000000E0000 000024 (v02 VBOX  )
[    0.000000] ACPI: XSDT 0x000000001FFF0030 00003C (v01 VBOX   VBOXXSDT 00000001 ASL  00000061)
[    0.000000] ACPI: FACP 0x000000001FFF00F0 0000F4 (v04 VBOX   VBOXFACP 00000001 ASL  00000061)
[    0.000000] ACPI: DSDT 0x000000001FFF0610 002353 (v02 VBOX   VBOXBIOS 00000002 INTL 20100528)
[    0.000000] ACPI: FACS 0x000000001FFF0200 000040
[    0.000000] ACPI: FACS 0x000000001FFF0200 000040
[    0.000000] ACPI: APIC 0x000000001FFF0240 000054 (v02 VBOX   VBOXAPIC 00000001 ASL  00000061)
[    0.000000] ACPI: SSDT 0x000000001FFF02A0 00036C (v01 VBOX   VBOXCPUT 00000002 INTL 20100528)
[    0.000000] ACPI: Reserving FACP table memory at [mem 0x1fff00f0-0x1fff01e3]
[    0.000000] ACPI: Reserving DSDT table memory at [mem 0x1fff0610-0x1fff2962]
[    0.000000] ACPI: Reserving FACS table memory at [mem 0x1fff0200-0x1fff023f]
[    0.000000] ACPI: Reserving FACS table memory at [mem 0x1fff0200-0x1fff023f]
[    0.000000] ACPI: Reserving APIC table memory at [mem 0x1fff0240-0x1fff0293]
[    0.000000] ACPI: Reserving SSDT table memory at [mem 0x1fff02a0-0x1fff060b]
[    0.000000] No NUMA configuration found
[    0.000000] Faking a node at [mem 0x0000000000000000-0x000000001ffeffff]
[    0.000000] NODE_DATA(0) allocated [mem 0x1ffc5000-0x1ffeffff]
[    0.000000] kvm-clock: cpu 0, msr 0:1ff44001, primary cpu clock
[    0.000000] kvm-clock: Using msrs 4b564d01 and 4b564d00
[    0.000000] kvm-clock: using sched offset of 5073004781 cycles
[    0.000000] clocksource: kvm-clock: mask: 0xffffffffffffffff max_cycles: 0x1cd42e4dffb, max_idle_ns: 881590591483 ns
[    0.000000] Zone ranges:
[    0.000000]   DMA      [mem 0x0000000000001000-0x0000000000ffffff]
[    0.000000]   DMA32    [mem 0x0000000001000000-0x000000001ffeffff]
[    0.000000]   Normal   empty
[    0.000000]   Device   empty
[    0.000000] Movable zone start for each node
[    0.000000] Early memory node ranges
[    0.000000]   node   0: [mem 0x0000000000001000-0x000000000009efff]
[    0.000000]   node   0: [mem 0x0000000000100000-0x000000001ffeffff]
[    0.000000] Reserved but unavailable: 104 pages
[    0.000000] Initmem setup node 0 [mem 0x0000000000001000-0x000000001ffeffff]
[    0.000000] ACPI: PM-Timer IO Port: 0x4008
[    0.000000] IOAPIC[0]: apic_id 1, version 32, address 0xfec00000, GSI 0-23
[    0.000000] ACPI: INT_SRC_OVR (bus 0 bus_irq 0 global_irq 2 dfl dfl)
[    0.000000] ACPI: INT_SRC_OVR (bus 0 bus_irq 9 global_irq 9 low level)
[    0.000000] Using ACPI (MADT) for SMP configuration information
[    0.000000] smpboot: Allowing 1 CPUs, 0 hotplug CPUs
[    0.000000] PM: Registered nosave memory: [mem 0x00000000-0x00000fff]
[    0.000000] PM: Registered nosave memory: [mem 0x0009f000-0x0009ffff]
[    0.000000] PM: Registered nosave memory: [mem 0x000a0000-0x000effff]
[    0.000000] PM: Registered nosave memory: [mem 0x000f0000-0x000fffff]
[    0.000000] e820: [mem 0x20000000-0xfebfffff] available for PCI devices
[    0.000000] Booting paravirtualized kernel on KVM
[    0.000000] clocksource: refined-jiffies: mask: 0xffffffff max_cycles: 0xffffffff, max_idle_ns: 7645519600211568 ns
[    0.000000] setup_percpu: NR_CPUS:8192 nr_cpumask_bits:1 nr_cpu_ids:1 nr_node_ids:1
[    0.000000] percpu: Embedded 50 pages/cpu s167936 r8192 d28672 u2097152
[    0.000000] PV qspinlock hash table entries: 256 (order: 0, 4096 bytes)
[    0.000000] Built 1 zonelists, mobility grouping on.  Total pages: 128889
[    0.000000] Policy zone: DMA32
[    0.000000] Kernel command line: BOOT_IMAGE=/boot/vmlinuz-4.15.0-212-generic root=LABEL=cloudimg-rootfs ro console=tty1 console=ttyS0
[    0.000000] Memory: 466748K/523832K available (12300K kernel code, 2477K rwdata, 4324K rodata, 2480K init, 2720K bss, 57084K reserved, 0K cma-reserved)
[    0.000000] SLUB: HWalign=64, Order=0-3, MinObjects=0, CPUs=1, Nodes=1
[    0.000000] Kernel/User page tables isolation: enabled
[    0.000000] ftrace: allocating 39508 entries in 155 pages
[    0.004000] Hierarchical RCU implementation.
[    0.004000] 	RCU restricting CPUs from NR_CPUS=8192 to nr_cpu_ids=1.
[    0.004000] 	Tasks RCU enabled.
[    0.004000] RCU: Adjusting geometry for rcu_fanout_leaf=16, nr_cpu_ids=1
[    0.004000] NR_IRQS: 524544, nr_irqs: 256, preallocated irqs: 16
[    0.004000] random: crng init done
[    0.004000] Console: colour VGA+ 80x25
[    0.004000] console [tty1] enabled
[    0.004000] console [ttyS0] enabled
[    0.004000] ACPI: Core revision 20170831
[    0.004000] ACPI: 2 ACPI AML tables successfully acquired and loaded
[    0.004000] APIC: Switch to symmetric I/O mode setup
[    0.008000] ..TIMER: vector=0x30 apic1=0 pin1=2 apic2=-1 pin2=-1
[    0.008007] tsc: Detected 2399.998 MHz processor
[    0.012021] Calibrating delay loop (skipped) preset value.. 4799.99 BogoMIPS (lpj=9599992)
[    0.016008] pid_max: default: 32768 minimum: 301
[    0.020064] Security Framework initialized
[    0.028005] Yama: becoming mindful.
[    0.032032] AppArmor: AppArmor initialized
[    0.036098] Dentry cache hash table entries: 65536 (order: 7, 524288 bytes)
[    0.040064] Inode-cache hash table entries: 32768 (order: 6, 262144 bytes)
[    0.044037] Mount-cache hash table entries: 1024 (order: 1, 8192 bytes)
[    0.048015] Mountpoint-cache hash table entries: 1024 (order: 1, 8192 bytes)
[    0.061015] Last level iTLB entries: 4KB 64, 2MB 8, 4MB 8
[    0.064007] Last level dTLB entries: 4KB 64, 2MB 0, 4MB 0, 1GB 4
[    0.068007] Spectre V1 : Mitigation: usercopy/swapgs barriers and __user pointer sanitization
[    0.072007] Spectre V2 : Mitigation: Retpolines
[    0.076006] Spectre V2 : Spectre v2 / SpectreRSB mitigation: Filling RSB on context switch
[    0.080006] Spectre V2 : Spectre v2 / SpectreRSB : Filling RSB on VMEXIT
[    0.084009] RETBleed: WARNING: Spectre v2 mitigation leaves CPU vulnerable to RETBleed attacks, data leaks possible!
[    0.088006] RETBleed: Vulnerable
[    0.092005] Speculative Store Bypass: Vulnerable
[    0.096146] MDS: Mitigation: Clear CPU buffers
[    0.100004] MMIO Stale Data: Mitigation: Clear CPU buffers
[    0.104024] SRBDS: Unknown: Dependent on hypervisor status
[    0.120000] Freeing SMP alternatives memory: 36K
[    0.241078] smpboot: CPU0: Intel(R) Core(TM) i5-6200U CPU @ 2.30GHz (family: 0x6, model: 0x4e, stepping: 0x3)
[    0.244131] Performance Events: unsupported p6 CPU model 78 no PMU driver, software events only.
[    0.248276] Hierarchical SRCU implementation.
[    0.252979] NMI watchdog: Perf event create on CPU 0 failed with -2
[    0.256148] NMI watchdog: Perf NMI watchdog permanently disabled
[    0.260105] smp: Bringing up secondary CPUs ...
[    0.264008] smp: Brought up 1 node, 1 CPU
[    0.268007] smpboot: Max logical packages: 1
[    0.272008] smpboot: Total of 1 processors activated (4799.99 BogoMIPS)
[    0.276139] devtmpfs: initialized
[    0.280100] x86/mm: Memory block size: 128MB
[    0.284147] evm: security.selinux
[    0.288015] evm: security.SMACK64
[    0.292009] evm: security.SMACK64EXEC
[    0.296008] evm: security.SMACK64TRANSMUTE
[    0.300008] evm: security.SMACK64MMAP
[    0.304007] evm: security.apparmor
[    0.308007] evm: security.ima
[    0.312008] evm: security.capability
[    0.316173] clocksource: jiffies: mask: 0xffffffff max_cycles: 0xffffffff, max_idle_ns: 7645041785100000 ns
[    0.320023] futex hash table entries: 256 (order: 2, 16384 bytes)
[    0.324059] pinctrl core: initialized pinctrl subsystem
[    0.329050] RTC time: 23:14:59, date: 11/09/24
[    0.332260] NET: Registered protocol family 16
[    0.340100] audit: initializing netlink subsys (disabled)
[    0.344769] cpuidle: using governor ladder
[    0.348019] audit: type=2000 audit(1731194104.041:1): state=initialized audit_enabled=0 res=1
[    0.352023] cpuidle: using governor menu
[    0.356075] ACPI: bus type PCI registered
[    0.360010] acpiphp: ACPI Hot Plug PCI Controller Driver version: 0.5
[    0.364969] PCI: Using configuration type 1 for base access
[    0.370490] HugeTLB registered 2.00 MiB page size, pre-allocated 0 pages
[    0.372317] ACPI: Added _OSI(Module Device)
[    0.376015] ACPI: Added _OSI(Processor Device)
[    0.380009] ACPI: Added _OSI(3.0 _SCP Extensions)
[    0.384009] ACPI: Added _OSI(Processor Aggregator Device)
[    0.388025] ACPI: Added _OSI(Linux-Dell-Video)
[    0.392024] ACPI: Added _OSI(Linux-Lenovo-NV-HDMI-Audio)
[    0.396007] ACPI: Added _OSI(Linux-HPI-Hybrid-Graphics)
[    0.404494] ACPI: Executed 1 blocks of module-level executable AML code
[    0.416815] ACPI: Interpreter enabled
[    0.420024] ACPI: (supports S0 S5)
[    0.424008] ACPI: Using IOAPIC for interrupt routing
[    0.432457] PCI: Using host bridge windows from ACPI; if necessary, use "pci=nocrs" and report a bug
[    0.436463] ACPI: Enabled 2 GPEs in block 00 to 07
[    0.465777] ACPI: PCI Root Bridge [PCI0] (domain 0000 [bus 00-ff])
[    0.468019] acpi PNP0A03:00: _OSC: OS supports [ASPM ClockPM Segments MSI]
[    0.477015] acpi PNP0A03:00: _OSC: not requesting OS control; OS requires [ExtendedConfig ASPM ClockPM MSI]
[    0.480053] acpi PNP0A03:00: fail to add MMCONFIG information, can't access extended PCI configuration space under this bridge.
[    0.488779] PCI host bridge to bus 0000:00
[    0.492012] pci_bus 0000:00: root bus resource [io  0x0000-0x0cf7 window]
[    0.496015] pci_bus 0000:00: root bus resource [io  0x0d00-0xffff window]
[    0.500015] pci_bus 0000:00: root bus resource [mem 0x000a0000-0x000bffff window]
[    0.504009] pci_bus 0000:00: root bus resource [mem 0x20000000-0xfdffffff window]
[    0.508014] pci_bus 0000:00: root bus resource [bus 00-ff]
[    0.528389] pci 0000:00:01.1: legacy IDE quirk: reg 0x10: [io  0x01f0-0x01f7]
[    0.532006] pci 0000:00:01.1: legacy IDE quirk: reg 0x14: [io  0x03f6]
[    0.536010] pci 0000:00:01.1: legacy IDE quirk: reg 0x18: [io  0x0170-0x0177]
[    0.540013] pci 0000:00:01.1: legacy IDE quirk: reg 0x1c: [io  0x0376]
[    0.599444] pci 0000:00:07.0: quirk: [io  0x4000-0x403f] claimed by PIIX4 ACPI
[    0.600112] pci 0000:00:07.0: quirk: [io  0x4100-0x410f] claimed by PIIX4 SMB
[    0.630287] ACPI: PCI Interrupt Link [LNKA] (IRQs 5 9 10 *11)
[    0.636457] ACPI: PCI Interrupt Link [LNKB] (IRQs 5 9 *10 11)
[    0.640408] ACPI: PCI Interrupt Link [LNKC] (IRQs 5 *9 10 11)
[    0.644638] ACPI: PCI Interrupt Link [LNKD] (IRQs 5 9 10 *11)
[    0.648971] SCSI subsystem initialized
[    0.652239] pci 0000:00:02.0: vgaarb: setting as boot VGA device
[    0.656000] pci 0000:00:02.0: vgaarb: VGA device added: decodes=io+mem,owns=io+mem,locks=none
[    0.656015] pci 0000:00:02.0: vgaarb: bridge control possible
[    0.660008] vgaarb: loaded
[    0.664048] ACPI: bus type USB registered
[    0.668030] usbcore: registered new interface driver usbfs
[    0.672023] usbcore: registered new interface driver hub
[    0.676033] usbcore: registered new device driver usb
[    0.680121] EDAC MC: Ver: 3.0.0
[    0.686244] PCI: Using ACPI for IRQ routing
[    0.693640] NetLabel: Initializing
[    0.696006] NetLabel:  domain hash size = 128
[    0.700004] NetLabel:  protocols = UNLABELED CIPSOv4 CALIPSO
[    0.704053] NetLabel:  unlabeled traffic allowed by default
[    0.708307] clocksource: Switched to clocksource kvm-clock
[    0.808558] VFS: Disk quotas dquot_6.6.0
[    0.821241] VFS: Dquot-cache hash table entries: 512 (order 0, 4096 bytes)
[    0.835775] AppArmor: AppArmor Filesystem Enabled
[    0.845519] pnp: PnP ACPI init
[    0.859001] pnp: PnP ACPI: found 3 devices
[    0.879902] clocksource: acpi_pm: mask: 0xffffff max_cycles: 0xffffff, max_idle_ns: 2085701024 ns
[    0.896532] NET: Registered protocol family 2
[    0.906409] IP idents hash table entries: 8192 (order: 4, 65536 bytes)
[    0.920492] TCP established hash table entries: 4096 (order: 3, 32768 bytes)
[    0.935670] TCP bind hash table entries: 4096 (order: 4, 65536 bytes)
[    0.947773] TCP: Hash tables configured (established 4096 bind 4096)
[    0.962037] UDP hash table entries: 256 (order: 1, 8192 bytes)
[    0.973015] UDP-Lite hash table entries: 256 (order: 1, 8192 bytes)
[    0.985275] NET: Registered protocol family 1
[    0.993082] pci 0000:00:00.0: Limiting direct PCI/PCI transfers
[    1.004307] pci 0000:00:01.0: Activating ISA DMA hang workarounds
[    1.014805] pci 0000:00:02.0: Video device with shadowed ROM at [mem 0x000c0000-0x000dffff]
[    1.032814] Unpacking initramfs...
[    2.173209] Freeing initrd memory: 19528K
[    2.181901] clocksource: tsc: mask: 0xffffffffffffffff max_cycles: 0x229835b7123, max_idle_ns: 440795242976 ns
[    2.201959] platform rtc_cmos: registered platform RTC device (no PNP device found)
[    2.216889] Scanning for low memory corruption every 60 seconds
[    2.228354] Initialise system trusted keyrings
[    2.237855] Key type blacklist registered
[    2.246338] workingset: timestamp_bits=36 max_order=17 bucket_order=0
[    2.262473] zbud: loaded
[    2.272688] squashfs: version 4.0 (2009/01/31) Phillip Lougher
[    2.283939] fuse init (API version 7.26)
[    2.296839] Key type asymmetric registered
[    2.305145] Asymmetric key parser 'x509' registered
[    2.315500] Block layer SCSI generic (bsg) driver version 0.4 loaded (major 246)
[    2.330365] io scheduler noop registered
[    2.337596] io scheduler deadline registered
[    2.349296] io scheduler cfq registered (default)
[    2.359217] ACPI: AC Adapter [AC] (off-line)
[    2.370236] input: Power Button as /devices/LNXSYSTM:00/LNXPWRBN:00/input/input0
[    2.387258] ACPI: Power Button [PWRF]
[    2.396611] input: Sleep Button as /devices/LNXSYSTM:00/LNXSLPBN:00/input/input1
[    2.411595] ACPI: Sleep Button [SLPF]
[    2.421989] ACPI: Battery Slot [BAT0] (battery present)
[    2.434525] Serial: 8250/16550 driver, 32 ports, IRQ sharing enabled
[    2.512400] 00:02: ttyS0 at I/O 0x3f8 (irq = 4, base_baud = 115200) is a 16550A
[    2.532406] Linux agpgart interface v0.103
[    2.552273] loop: module loaded
[    2.566087] scsi host0: ata_piix
[    2.573923] scsi host1: ata_piix
[    2.583196] ata1: PATA max UDMA/33 cmd 0x1f0 ctl 0x3f6 bmdma 0xd000 irq 14
[    2.599212] ata2: PATA max UDMA/33 cmd 0x170 ctl 0x376 bmdma 0xd008 irq 15
[    2.621545] tun: Universal TUN/TAP device driver, 1.6
[    2.633874] PPP generic driver version 2.4.2
[    2.643910] ehci_hcd: USB 2.0 'Enhanced' Host Controller (EHCI) Driver
[    2.660017] ehci-pci: EHCI PCI platform driver
[    2.672055] ehci-platform: EHCI generic platform driver
[    2.683510] ohci_hcd: USB 1.1 'Open' Host Controller (OHCI) Driver
[    2.696920] ohci-pci: OHCI PCI platform driver
[    2.709288] ohci-platform: OHCI generic platform driver
[    2.719524] uhci_hcd: USB Universal Host Controller Interface driver
[    2.732499] i8042: PNP: PS/2 Controller [PNP0303:PS2K,PNP0f03:PS2M] at 0x60,0x64 irq 1,12
[    2.761948] serio: i8042 KBD port at 0x60,0x64 irq 1
[    2.773521] serio: i8042 AUX port at 0x60,0x64 irq 12
[    2.903284] mousedev: PS/2 mouse device common for all mice
[    2.918733] input: AT Translated Set 2 keyboard as /devices/platform/i8042/serio0/input/input2
[    2.940063] rtc_cmos rtc_cmos: rtc core: registered rtc_cmos as rtc0
[    2.953618] rtc_cmos rtc_cmos: alarms up to one day, 114 bytes nvram
[    2.969943] i2c /dev entries driver
[    2.977572] device-mapper: uevent: version 1.0.3
[    2.986364] device-mapper: ioctl: 4.37.0-ioctl (2017-09-20) initialised: dm-devel@redhat.com
[    3.006587] ledtrig-cpu: registered to indicate activity on CPUs
[    3.018175] NET: Registered protocol family 10
[    3.039294] Segment Routing with IPv6
[    3.046817] NET: Registered protocol family 17
[    3.056572] Key type dns_resolver registered
[    3.066160] mce: Using 0 MCE banks
[    3.074665] RAS: Correctable Errors collector initialized.
[    3.085753] sched_clock: Marking stable (3085577879, 0)->(5239350239, -2153772360)
[    3.101211] registered taskstats version 1
[    3.109211] Loading compiled-in X.509 certificates
[    3.125140] Loaded X.509 cert 'Build time autogenerated kernel key: b5b26778eaa3ab3a4a6cee031137706e947d12ad'
[    3.144389] Loaded X.509 cert 'Canonical Ltd. Live Patch Signing: 14df34d1a87cf37625abec039ef2bf521249b969'
[    3.164951] Loaded X.509 cert 'Canonical Ltd. Kernel Module Signing: 88f752e560a1e0737e31163a466ad7b70a850c19'
[    3.183721] blacklist: Loading compiled-in revocation X.509 certificates
[    3.196106] Loaded X.509 cert 'Canonical Ltd. Secure Boot Signing: 61482aa2830d0ab2ad5af10b7250da9033ddcef0'
[    3.212697] Loaded X.509 cert 'Canonical Ltd. Secure Boot Signing (2017): 242ade75ac4a15e50d50c84b0d45ff3eae707a03'
[    3.231378] Loaded X.509 cert 'Canonical Ltd. Secure Boot Signing (ESM 2018): 365188c1d374d6b07c3c8f240f8ef722433d6a8b'
[    3.250140] Loaded X.509 cert 'Canonical Ltd. Secure Boot Signing (2019): c0746fd6c5da3ae827864651ad66ae47fe24b3e8'
[    3.268568] Loaded X.509 cert 'Canonical Ltd. Secure Boot Signing (2021 v1): a8d54bbb3825cfb94fa13c9f8a594a195c107b8d'
[    3.288346] Loaded X.509 cert 'Canonical Ltd. Secure Boot Signing (2021 v2): 4cf046892d6fd3c9a5b03f98d845f90851dc6a8c'
[    3.307712] Loaded X.509 cert 'Canonical Ltd. Secure Boot Signing (2021 v3): 100437bb6de6e469b581e61cd66bce3ef4ed53af'
[    3.326922] Loaded X.509 cert 'Canonical Ltd. Secure Boot Signing (Ubuntu Core 2019): c1d57b8f6b743f23ee41f4f7ee292f06eecadfb9'
[    3.348517] zswap: loaded using pool lzo/zbud
[    3.367363] Key type big_key registered
[    3.374295] Key type trusted registered
[    3.388409] Key type encrypted registered
[    3.395403] AppArmor: AppArmor sha1 policy hashing enabled
[    3.407995] ima: No TPM chip found, activating TPM-bypass! (rc=-19)
[    3.420808] ima: Allocated hash algorithm: sha1
[    3.428966] evm: HMAC attrs: 0x1
[    3.437625]   Magic number: 0:317:251
[    3.445004] rtc_cmos rtc_cmos: setting system clock to 2024-11-09 23:15:02 UTC (1731194102)
[    3.460506] BIOS EDD facility v0.16 2004-Jun-25, 0 devices found
[    3.472460] EDD information not available.
[    3.487647] Freeing unused kernel image memory: 2480K
[    3.504390] Write protecting the kernel read-only data: 20480k
[    3.516384] Freeing unused kernel image memory: 2008K
[    3.526764] Freeing unused kernel image memory: 1820K
[    3.554674] x86/mm: Checked W+X mappings: passed, no W+X pages found.
[    3.566501] x86/mm: Checking user space page tables
[    3.589740] x86/mm: Checked W+X mappings: passed, no W+X pages found.
Loading, please wait...
starting version 237
[    4.020671] Fusion MPT base driver 3.04.20
[    4.029690] Copyright (c) 1999-2008 LSI Corporation
[    4.053088] e1000: Intel(R) PRO/1000 Network Driver - version 7.3.21-k8-NAPI
[    4.067121] e1000: Copyright (c) 1999-2006 Intel Corporation.
[    4.098801] SSE version of gcm_enc/dec engaged.
[    4.172388] Fusion MPT SPI Host driver 3.04.20
[    4.370794] input: ImExPS/2 Generic Explorer Mouse as /devices/platform/i8042/serio1/input/input4
[    5.521379] e1000 0000:00:03.0 eth0: (PCI:33MHz:32-bit) 02:3b:7b:b7:3b:2d
[    5.533348] e1000 0000:00:03.0 eth0: Intel(R) PRO/1000 Network Connection
[    5.549726] mptbase: ioc0: Initiating bringup
[    5.685470] ioc0: LSI53C1030 A0: Capabilities={Initiator}
[    6.030532] scsi host2: ioc0: LSI53C1030 A0, FwRev=00000000h, Ports=1, MaxQ=256, IRQ=20
[    6.233472] scsi 2:0:0:0: Direct-Access     VBOX     HARDDISK         1.0  PQ: 0 ANSI: 5
[    6.289251] scsi target2:0:0: Beginning Domain Validation
[    6.394362] scsi target2:0:0: Domain Validation skipping write tests
[    6.406333] scsi target2:0:0: Ending Domain Validation
[    6.433631] scsi target2:0:0: asynchronous
[    6.491771] scsi 2:0:1:0: Direct-Access     VBOX     HARDDISK         1.0  PQ: 0 ANSI: 5
[    6.533724] scsi target2:0:1: Beginning Domain Validation
[    6.567657] scsi target2:0:1: Domain Validation skipping write tests
[    6.578278] scsi target2:0:1: Ending Domain Validation
[    6.613115] scsi target2:0:1: asynchronous
[    6.734339] sd 2:0:0:0: [sda] 83886080 512-byte logical blocks: (42.9 GB/40.0 GiB)
[    6.748938] sd 2:0:0:0: Attached scsi generic sg0 type 0
[    6.772684] sd 2:0:1:0: Attached scsi generic sg1 type 0
[    6.789192] sd 2:0:1:0: [sdb] 20480 512-byte logical blocks: (10.5 MB/10.0 MiB)
[    6.842931] sd 2:0:0:0: [sda] Write Protect is off
[    6.865344] sd 2:0:0:0: [sda] Incomplete mode parameter data
[    6.887366] sd 2:0:0:0: [sda] Assuming drive cache: write through
[    6.927011] sd 2:0:1:0: [sdb] Write Protect is off
[    6.959234] sd 2:0:1:0: [sdb] Incomplete mode parameter data
[    6.972797] sd 2:0:1:0: [sdb] Assuming drive cache: write through
[    7.022477]  sda: sda1
[    7.039401] sd 2:0:1:0: [sdb] Attached SCSI disk
[    7.081230] sd 2:0:0:0: [sda] Attached SCSI disk
[    7.983636] e1000 0000:00:08.0 eth1: (PCI:33MHz:32-bit) 08:00:27:67:71:ee
[    7.999863] e1000 0000:00:08.0 eth1: Intel(R) PRO/1000 Network Connection
[    8.014394] e1000 0000:00:08.0 enp0s8: renamed from eth1
[    8.050088] e1000 0000:00:03.0 enp0s3: renamed from eth0
Begin: Loading essential drivers ... [   11.720305] raid6: sse2x1   gen()  4271 MB/s
[   11.809193] raid6: sse2x1   xor()  5420 MB/s
[   11.869011] raid6: sse2x2   gen()  5002 MB/s
[   11.932777] raid6: sse2x2   xor()  3832 MB/s
[   11.996088] raid6: sse2x4   gen()  7375 MB/s
[   12.060152] raid6: sse2x4   xor()  3765 MB/s
[   12.070353] raid6: using algorithm sse2x4 gen() 7375 MB/s
[   12.082474] raid6: .... xor() 3765 MB/s, rmw enabled
[   12.090596] raid6: using ssse3x2 recovery algorithm
[   12.101181] xor: measuring software checksum speed
[   12.220188]    prefetch64-sse: 33035.000 MB/sec
[   12.325655]    generic_sse: 24046.000 MB/sec
[   12.338100] xor: using function: prefetch64-sse (33035.000 MB/sec)
[   12.366493] async_tx: api initialized (async)
done.
Begin: Running /scripts/init-premount ... done.
Begin: Mounting root file system ... Begin: Running /scripts/local-top ... done.
Begin: Running /scripts/local-premount ... [   12.540391] Btrfs loaded, crc32c=crc32c-intel
Scanning for Btrfs filesystems
done.
Warning: fsck not present, so skipping root file system
[   12.787958] EXT4-fs (sda1): mounted filesystem with ordered data mode. Opts: (null)
done.
Begin: Running /scripts/local-bottom ... done.
Begin: Running /scripts/init-bottom ... done.
[   13.354124] ip_tables: (C) 2000-2006 Netfilter Core Team
[   13.390208] systemd[1]: systemd 237 running in system mode. (+PAM +AUDIT +SELINUX +IMA +APPARMOR +SMACK +SYSVINIT +UTMP +LIBCRYPTSETUP +GCRYPT +GNUTLS +ACL +XZ +LZ4 +SECCOMP +BLKID +ELFUTILS +KMOD -IDN2 +IDN -PCRE2 default-hierarchy=hybrid)
[   13.426807] systemd[1]: Detected virtualization oracle.
[   13.438447] systemd[1]: Detected architecture x86-64.

Welcome to [1mUbuntu 18.04.6 LTS[0m!

[   13.460891] systemd[1]: Set hostname to <ubuntu>.
[   13.482207] systemd[1]: Initializing machine ID from random generator.
[   13.497070] systemd[1]: Installed transient /etc/machine-id file.
[   14.315116] systemd[1]: Started Forward Password Requests to Wall Directory Watch.
[[0;32m  OK  [0m] Started Forward Password Requests to Wall Directory Watch.
[   14.338177] systemd[1]: Set up automount Arbitrary Executable File Formats File System Automount Point.
[[0;32m  OK  [0m] Set up automount Arbitrary Executabâ€¦rmats File System Automount Point.
[   14.368778] systemd[1]: Reached target Swap.
[[0;32m  OK  [0m] Reached target Swap.
[   14.384153] systemd[1]: Created slice System Slice.
[[0;32m  OK  [0m] Created slice System Slice.
[[0;32m  OK  [0m] Listening on Journal Socket.
         Starting Create list of required stâ€¦ce nodes for the current kernel...
         Mounting Kernel Debug File System...
         Starting Set the console keyboard layout...
[[0;32m  OK  [0m] Listening on Network Service Netlink Socket.
[[0;32m  OK  [0m] Listening on Journal Socket (/dev/log).
[[0;32m  OK  [0m] Listening on fsck to fsckd communication Socket.
         Mounting Huge Pages File System...
         Mounting POSIX Message Queue File System...
[[0;32m  OK  [0m] Created slice User and Session Slice.
[[0;32m  OK  [0m] Reached target Slices.
[[0;32m  OK  [0m] Listening on udev Kernel Socket.
[[0;32m  OK  [0m] Created slice system-serial\x2dgetty.slice.
[[0;32m  OK  [0m] Listening on udev Control Socket.
[[0;32m  OK  [0m] Listening on LVM2 poll daemon socket.
         Starting Load Kernel Modules...
[[0;32m  OK  [0m] Reached target Mounting snaps.
[[0;32m  OK  [0m] Reached target Mounted snaps.
[[0;32m  OK  [0m] Reached target System Time Synchronized.
[   14.719010] Loading iSCSI transport class v2.0-870.
         Starting udev Coldplug all Devices...
[[0;32m  OK  [0m] Listening on Journal Audit Socket.
[[0;32m  OK  [0m] Listening on /dev/initctl Compatibility Named Pipe.
[[0;32m  OK  [0m[   14.785336] iscsi: registered transport (tcp)
] Listening on Syslog Socket.
         Starting Journal Service...
         Starting Uncomplicated firewall...
[[0;32m  OK  [0m] Listening on Device-mapper event daemon FIFOs.
[[0;32m  OK  [0m] Reached target User and Group Name Lookups.
[[0;32m  OK  [0m] Listening on LVM2 metadata daemon socket.
         Starting Monitoring of LVM2 mirrorsâ€¦ng dmeventd or progress polling...
         Starting File System Check on Root Device...
[[0;32m  OK  [0m] Started Create list of required staâ€¦vice nodes for the current kernel.
[[0;32m  OK  [0m] Mounted Kernel Debug File System.
[[0;32m  OK  [0m] Mounted Huge Pages File System.
[[0;32m  OK  [0m] Mounted POSIX Message Queue File System.
[[0;32m  OK  [0m] Started Uncomplicated firewall.
[[0;32m  OK  [0m] Started File System Check Daemon to report status.
         Starting Create Static Device Nodes in /dev...
[   15.188566] iscsi: registered transport (iser)
[[0;32m  OK  [0m] Started LVM2 metadata daemon.
[[0;32m  OK  [0m] Started Load Kernel Modules.
         Mounting FUSE Control File System...
         Mounting Kernel Configuration File System...
         Starting Apply Kernel Variables...
[[0;32m  OK  [0m] Started Create Static Device Nodes in /dev.
[[0;32m  OK  [0m] Started File System Check on Root Device.
[[0;32m  OK  [0m] Started Journal Service.
[[0;32m  OK  [0m] Mounted FUSE Control File System.
[[0;32m  OK  [0m] Mounted Kernel Configuration File System.
         Starting Remount Root and Kernel File Systems...
[[0;32m  OK  [0m] Started Apply Kernel Variables.
[[0;32m  OK  [0m] Started Monitoring of LVM2 mirrors,â€¦sing dmeventd or progress polling.
[[0;32m  OK  [0m] Started udev Coldplug all Devices.
[[0;32m  OK  [0m] Started Remount Root and Kernel File Systems.
         Starting udev Kernel Device Manager...
         Starting Load/Save Random Seed...
         Starting Flush Journal to Persistent Storage...
[[0;32m  OK  [0m] Started Load/Save Random Seed.
[[0;32m  OK  [0m] Started udev Kernel Device Manager.
[[0;32m  OK  [0m] Started Flush Journal to Persistent Storage.
[[0;32m  OK  [0m] Found device /dev/ttyS0.
[[0;32m  OK  [0m] Started Set the console keyboard layout.
[[0;32m  OK  [0m] Started Dispatch Password Requests to Console Directory Watch.
[[0;32m  OK  [0m] Reached target Local Encrypted Volumes.
[[0;32m  OK  [0m] Reached target Local File Systems (Pre).
[[0;32m  OK  [0m] Reached target Local File Systems.
         Starting AppArmor initialization...
         Starting Set console font and keymap...
         Starting Tell Plymouth To Write Out Runtime Data...
         Starting Create Volatile Files and Directories...
         Starting ebtables ruleset management...
         Starting Commit a transient machine-id on disk...
[[0;32m  OK  [0m] Started Tell Plymouth To Write Out Runtime Data.
[[0;32m  OK  [0m] Listening on Load/Save RF Kill Switch Status /dev/rfkill Watch.
[[0;32m  OK  [0m] Started Commit a transient machine-id on disk.
[[0;32m  OK  [0m] Started Create Volatile Files and Directories.
         Starting Update UTMP about System Boot/Shutdown...
[[0;32m  OK  [0m] Started ebtables ruleset management.
[[0;32m  OK  [0m] Started Update UTMP about System Boot/Shutdown.
         Mounting Arbitrary Executable File Formats File System...
[[0;32m  OK  [0m] Mounted Arbitrary Executable File Formats File System.
[[0;32m  OK  [0m] Started AppArmor initialization.
         Starting Initial cloud-init job (pre-networking)...
         Starting Load AppArmor profiles managed internally by snapd...
[[0;32m  OK  [0m] Started Load AppArmor profiles managed internally by snapd.
[[0;32m  OK  [0m] Started Set console font and keymap.
[   27.964173] cloud-init[758]: Cloud-init v. 23.1.2-0ubuntu0~18.04.1 running 'init-local' at Sat, 09 Nov 2024 23:15:26 +0000. Up 27.13 seconds.
[[0;32m  OK  [0m] Started Initial cloud-init job (pre-networking).
[[0;32m  OK  [0m] Reached target Network (Pre).
         Starting Network Service...
[[0;32m  OK  [0m] Started Network Service.
         Starting Wait for Network to be Configured...
         Starting Network Name Resolution...
[[0;32m  OK  [0m] Started Network Name Resolution.
[[0;32m  OK  [0m] Reached target Host and Network Name Lookups.
[[0;32m  OK  [0m] Reached target Network.
[[0;32m  OK  [0m] Started Wait for Network to be Configured.
         Starting Initial cloud-init job (metadata service crawler)...
[   31.378703] cloud-init[910]: Cloud-init v. 23.1.2-0ubuntu0~18.04.1 running 'init' at Sat, 09 Nov 2024 23:15:30 +0000. Up 31.02 seconds.
[   31.413576] cloud-init[910]: ci-info: ++++++++++++++++++++++++++++++++++++++Net device info+++++++++++++++++++++++++++++++++++++++
[   31.447230] cloud-init[910]: ci-info: +--------+-------+----------------------------+---------------+--------+-------------------+
[   31.472848] cloud-init[910]: ci-info: | Device |   Up  |          Address           |      Mask     | Scope  |     Hw-Address    |
[   31.501130] cloud-init[910]: ci-info: +--------+-------+----------------------------+---------------+--------+-------------------+
[   31.527620] cloud-init[910]: ci-info: | enp0s3 |  True |         10.0.2.15          | 255.255.255.0 | global | 02:3b:7b:b7:3b:2d |
[   31.558685] cloud-init[910]: ci-info: | enp0s3 |  True | fe80::3b:7bff:feb7:3b2d/64 |       .       |  link  | 02:3b:7b:b7:3b:2d |
[   31.586371] cloud-init[910]: ci-info: | enp0s8 | False |             .              |       .       |   .    | 08:00:27:67:71:ee |
[   31.619250] cloud-init[910]: ci-info: |   lo   |  True |         127.0.0.1          |   255.0.0.0   |  host  |         .         |
[   31.639089] cloud-init[910]: ci-info: |   lo   |  True |          ::1/128           |       .       |  host  |         .         |
[   31.664631] cloud-init[910]: ci-info: +--------+-------+----------------------------+---------------+--------+-------------------+
[   31.686486] cloud-init[910]: ci-info: ++++++++++++++++++++++++++++Route IPv4 info+++++++++++++++++++++++++++++
[   31.712599] cloud-init[910]: ci-info: +-------+-------------+----------+-----------------+-----------+-------+
[   31.730356] cloud-init[910]: ci-info: | Route | Destination | Gateway  |     Genmask     | Interface | Flags |
[   31.747434] cloud-init[910]: ci-info: +-------+-------------+----------+-----------------+-----------+-------+
[   31.763009] cloud-init[910]: ci-info: |   0   |   0.0.0.0   | 10.0.2.2 |     0.0.0.0     |   enp0s3  |   UG  |
[   31.790813] cloud-init[910]: ci-info: |   1   |   10.0.2.0  | 0.0.0.0  |  255.255.255.0  |   enp0s3  |   U   |
[   31.811801] cloud-init[910]: ci-info: |   2   |   10.0.2.2  | 0.0.0.0  | 255.255.255.255 |   enp0s3  |   UH  |
[   31.833869] cloud-init[910]: ci-info: +-------+-------------+----------+-----------------+-----------+-------+
[   31.857333] cloud-init[910]: ci-info: +++++++++++++++++++Route IPv6 info+++++++++++++++++++
[   31.875102] cloud-init[910]: ci-info: +-------+-------------+---------+-----------+-------+
[   31.901514] cloud-init[910]: ci-info: | Route | Destination | Gateway | Interface | Flags |
[   31.924968] cloud-init[910]: ci-info: +-------+-------------+---------+-----------+-------+
[   31.942305] cloud-init[910]: ci-info: |   1   |  fe80::/64  |    ::   |   enp0s3  |   U   |
[   31.974439] cloud-init[910]: ci-info: |   3   |    local    |    ::   |   enp0s3  |   U   |
[   32.001146] cloud-init[910]: ci-info: |   4   |   ff00::/8  |    ::   |   enp0s3  |   U   |
[   32.027443] cloud-init[910]: ci-info: +-------+-------------+---------+-----------+-------+
[   33.317904] cloud-init[910]: Generating public/private rsa key pair.
[   33.338690] cloud-init[910]: Your identification has been saved in /etc/ssh/ssh_host_rsa_key.
[   33.367052] cloud-init[910]: Your public key has been saved in /etc/ssh/ssh_host_rsa_key.pub.
[   33.389093] cloud-init[910]: The key fingerprint is:
[   33.420813] cloud-init[910]: SHA256:+y5DWGyE6d7/jidbDT8ETWZxBrwD4M9O9o5aZEZrze0 root@ubuntu-bionic
[   33.441944] cloud-init[910]: The key's randomart image is:
[   33.461714] cloud-init[910]: +---[RSA 2048]----+
[   33.486011] cloud-init[910]: |       o  .. .*oo|
[   33.495731] cloud-init[910]: |      o ..  .=.o |
[   33.513786] cloud-init[[910]: |     . o  . o... |
[0;32m  OK  [0m] [   33.529250] cloud-initStarted Initial cloud-init job (metadata service crawler).
[[910]: |      . +  + =o. |
[0;32m  OK  [0m] Reached target Network is Online.[   33.564993] 
         Starting Availability of block devices...cloud-init[910]: 
[|     . =S   % +..|[0;32m  OK  [0m] Reached target Remote File Systems (Pre).

[[0;32m  OK  [0m] Reached target Remote File Systems.[   33.619952] cloud-init
[[910]: |      o o. O * . |[0;32m  OK  [0m] Reached target System Initialization.
[   33.643673] 
[cloud-init[910]: [0;32m  OK  [0m] Started Message of the Day.|       ...  + = E|
[   33.661505] cloud-init
[[0;32m  OK  [0m[910]: |        o.o+.o . |] Started Discard unused blocks once a week.
[   33.679342] 
         cloud-init[910]: |         +*B+ .  |Starting Socket activation for snappy daemon.
[[0;32m  OK  [0m
] Started Daily Cleanup of Temporary Directories.[   33.709732] cloud-init
[[910]: +----[SHA256]-----+[0;32m  OK  [0m] Listening on D-Bus System Message Bus Socket.
[   33.729674] cloud-init
[[0;32m  OK  [0m[910]: Generating public/private dsa key pair.] Started Daily apt download activities.
[   33.748571] cloud-init[910]: 
[[0;32m  OK  [0mYour identification has been saved in /etc/ssh/ssh_host_dsa_key.] Listening on Open-iSCSI iscsid Socket.
[   33.766659] 
cloud-init[910]: Your public key has been saved in /etc/ssh/ssh_host_dsa_key.pub.[[0;32m  OK  [0m] Started ACPI Events Check.
[   33.787449] cloud-init[910]: The key fingerprint is:

         Starting LXD - unix socket.
[[   33.814493] [0;32m  OK  [0m] Started Daily apt upgrade and clean activities.cloud-init[910]: 
[SHA256:wzrvsdyShgFiuINzuq1Nety1k9YTOfGT8UKxUm0eqhs root@ubuntu-bionic[0;32m  OK  [0m] Listening on ACPID Listen Socket.
[
[   33.854021] cloud-init[0;32m  OK  [0m] [910]: The key's randomart image is:Started Ubuntu Advantage Timer for running repeated jobs.
[
[   33.874500] cloud-init[0;32m  OK  [0m] Reached target Timers.[910]: +---[DSA 1024]----+
[
[   33.890559] [0;32m  OK  [0m] Listening on UUID daemon activation socket.cloud-init[910]: |           .     |

[[   33.905503] cloud-init[0;32m  OK  [0m] Listening on cloud-init hotplug hook socket.[910]: |          o +    |
[   33.919639] 
[[0;32m  OK  [0m] Reached target Paths.cloud-init[910]: | .       . * .   |
[   33.935987] 
[[0;32m  OK  [0m] Reached target Cloud-config availability.cloud-init[910]: |. o .  .o = .    |

[   33.956059] [[0;32m  OK  [0mcloud-init[910]: |.o . .  SB +     |] Started Availability of block devices.
[   33.971695] 
[[0;32m  OK  [0m] Listening on Socket activation for snappy daemon.cloud-init[910]: |= .   o.E.= .    |
[[0;32m  OK  [0m] Listening on LXD - unix socket.

[[0;32m  OK  [0m[   34.014432] cloud-init] Reached target Sockets.
[910]: [[0;32m  OK  [0m| *.. .o*.* o     |
[   34.033124] cloud-init] Reached target Basic System.
[910]: |.=o . *+B+       |         
[   34.050953] Starting Permit User Sessions...
         Starting Dispatcher daemon for systemd-networkd...cloud-init
         Starting Virtualbox guest utils...
         Starting Pollinate to seed the pseudo random number generator...
         Starting Accounts Service...
[910]:          Starting LSB: Record successful boot for GRUB...
         Starting Login Service...
[[0;32m  OK  [0m] Started FUSE filesystem for LXC.|++o  . +=o.      |

[[0;32m  OK  [0m] Started irqbalance daemon.
         Starting LSB: automatic crash report generation...
[[0;32m  OK  [0m] [   34.272571] cloud-initReached target Login Prompts (Pre).
         Starting System Logging Service...
[[0;32m  OK  [0m] Started D-Bus System Message Bus.
[910]: +----[SHA256]-----+
[   34.408698] cloud-init[910]: Generating public/private ecdsa key pair.
[   34.473529] cloud-init[910]: Your identification has been saved in /etc/ssh/ssh_host_ecdsa_key.[[0;32m  OK  [0m] Started Login Service.
[[0;32m  OK  [0m
] Started Unattended Upgrades Shutdown.
[   34.556061] [[0;32m  OK  [0m] Started Deferred execution scheduler.
         Starting LXD - container startup/shutdown...
cloud-init[[0;32m  OK  [0m] Started Regular background program processing daemon.[910]: Your public key has been saved in /etc/ssh/ssh_host_ecdsa_key.pub.

[   34.710098]          Starting Snap Daemon...
[[0;32m  OK  [0m] Started System Logging Service.
cloud-init[[0;32m  OK  [0m] Started Permit User Sessions.[910]: 
The key fingerprint is:         Starting Authorization Manager...
         Starting Terminate Plymouth Boot Screen...
         Starting Hold until boot process finishes up...

[[0;32m  OK  [0m] Started Terminate Plymouth Boot Screen.
[[0;32m  OK  [0m] Started Hold until boot process finishes up.
         Starting Set console scheme...
[   34.982502] [[0;32m  OK  [0m] Started Serial Getty on ttyS0.
cloud-init[910]: SHA256:rgnpIiNye3ZdyTFpREle31frENuLy46FcnftrCY/NsI root@ubuntu-bionic[[0;32m  OK  [0m] Started Set console scheme.
[[0;32m  OK  [0m] Created slice system-getty.slice.
[[0;32m  OK  [0m
] Started Getty on tty1.
[[0;32m  OK  [0m] Reached target Login Prompts.[   35.162810] 
cloud-init[910]: The key's randomart image is:
[   35.279833] cloud-init[910]: +---[ECDSA 256]---+
[   35.360402] [[0;32m  OK  [0m] Started Authorization Manager.
[[0;32m  OK  [0m] Started Accounts Service.
[[0;32m  OK  [0m] Started LSB: automatic crash report generation.
[[0;32m  OK  [0m] cloud-init[910]: Started LSB: Record successful boot for GRUB.
|         oo...  .|
[   35.538763] cloud-init[910]: |         .o. .+.o|
[   35.587186] cloud-init[910]: |         ... o.oo|
[   35.649063] cloud-init[910]: |          =   + o|
[   35.711288] cloud-init[910]: |        So + . o |
[   35.751716] cloud-init[910]: |     . .  + o . .|
[   35.818184] cloud-init[910]: |    o  ..o + = ..|
[   35.879550] cloud-init[910]: |= o.o..o. o E *o |
[   35.932021] cloud-init[910]: |o+.=..o    . Bo+o|
[   35.985324] cloud-init[910]: +----[SHA256]-----+
[   36.048828] cloud-init[910]: Generating public/private ed25519 key pair.
[   36.152766] [[0;32m  OK  [0m] Started Virtualbox guest utils.
cloud-init[910]: Your identification has been saved in /etc/ssh/ssh_host_ed25519_key.
[   36.258921] cloud-init[910]: Your public key has been saved in /etc/ssh/ssh_host_ed25519_key.pub.
[   36.348709] cloud-init[910]: The key fingerprint is:
[   36.394360] cloud-init[910]: SHA256:ucgmfwEbbHFOLPt8T9u/9brKmCn9vjfwylV4W5j+b+s root@ubuntu-bionic
[   36.438779] cloud-init[910]: The key's randomart image is:[[0;32m  OK  [0m] Started LXD - container startup/shutdown.

[   36.507219] cloud-init[910]: +--[ED25519 256]--+
[   36.530370] cloud-init[910]: |       .         |
[   36.570912] cloud-init[910]: |      o +        |
[   36.596928] cloud-init[910]: |     . B         |
[   36.621799] cloud-init[910]: |      * ..     + |
[   36.678782] cloud-init[910]: |     . *S     + +|
[[0;32m  OK  [0m] Started Dispatcher daemon for systemd-networkd.
[   36.742771] cloud-init[910]: |     ...+.. o. oo|
[   36.780639] cloud-init[910]: |    . + .+ o =o..|
[   36.810260] cloud-init[910]: |     +  o .*o.=.+|
[   36.853868] cloud-init[910]: |      .. .+oO=+EO|
[   36.894803] cloud-init[910]: +----[SHA256]-----+
[[0;32m  OK  [0m] Started Snap Daemon.
         Starting Wait until snapd is fully seeded...
[[0;32m  OK  [0m] Started Pollinate to seed the pseudo random number generator.
         Starting OpenBSD Secure Shell server...
[[0;32m  OK  [0m] Started OpenBSD Secure Shell server.
[[0;32m  OK  [0m] Created slice User Slice of vagrant.
         Starting User Manager for UID 1000...
[[0;32m  OK  [0m] Started Session 1 of user vagrant.
[[0;32m  OK  [0m] Started User Manager for UID 1000.

Ubuntu 18.04.6 LTS ubuntu-bionic ttyS0

ubuntu-bionic login: [   52.393019] cloud-init[1439]: Cloud-init v. 23.1.2-0ubuntu0~18.04.1 running 'modules:config' at Sat, 09 Nov 2024 23:15:48 +0000. Up 49.79 seconds.
ci-info: no authorized SSH keys fingerprints found for user ubuntu.
<14>Nov  9 23:15:55 cloud-init: #############################################################
<14>Nov  9 23:15:56 cloud-init: -----BEGIN SSH HOST KEY FINGERPRINTS-----
<14>Nov  9 23:15:56 cloud-init: 1024 SHA256:wzrvsdyShgFiuINzuq1Nety1k9YTOfGT8UKxUm0eqhs root@ubuntu-bionic (DSA)
<14>Nov  9 23:15:56 cloud-init: 256 SHA256:rgnpIiNye3ZdyTFpREle31frENuLy46FcnftrCY/NsI root@ubuntu-bionic (ECDSA)
<14>Nov  9 23:15:56 cloud-init: 256 SHA256:ucgmfwEbbHFOLPt8T9u/9brKmCn9vjfwylV4W5j+b+s root@ubuntu-bionic (ED25519)
<14>Nov  9 23:15:56 cloud-init: 2048 SHA256:+y5DWGyE6d7/jidbDT8ETWZxBrwD4M9O9o5aZEZrze0 root@ubuntu-bionic (RSA)
<14>Nov  9 23:15:56 cloud-init: -----END SSH HOST KEY FINGERPRINTS-----
<14>Nov  9 23:15:56 cloud-init: #############################################################
-----BEGIN SSH HOST KEY KEYS-----
ecdsa-sha2-nistp256 AAAAE2VjZHNhLXNoYTItbmlzdHAyNTYAAAAIbmlzdHAyNTYAAABBBM3ffZM0unhCIxPUbpjmDht7U52hQwa083j2moGo06R2IhHNGvN4xhte8ORql7Xwr6QZvzQQIuhTVUrf9MKz5PM= root@ubuntu-bionic
ssh-ed25519 AAAAC3NzaC1lZDI1NTE5AAAAIAUMMfWxeUguGKA6RjvHpsVv6BvDFZrOPGDvowhKFooI root@ubuntu-bionic
ssh-rsa AAAAB3NzaC1yc2EAAAADAQABAAABAQC8h1MViFOgYaC6MkY4ZOBLLUh9h7KY9l2lT2GrvZvuuUeb58aAp7qrDiDWyY+zQvRpZDq8RSLzUOA5yIpDYhqUhv76x3DAI5BX+PQigx2GHcEBP8mBbPDbl5nMVLI6lhuhvuR0yp984Lni0Fca56PsTPljjo8BtObNhwjT1pLwwBzKYwfADoXWLRg/zWGLbkU+dL5UMl/Us9hllqsu9wqZh85ChLiXsFihk8Ef5xfWvzDW4LPcKRAm++2saO6piCJXkUih1p4761in/vNK6vyU4AElnYgDP4ahoFE/wDs9iTUHorjcmdi24hQ8Igu4TU1tBfP+AtOy/iZ9exADpWcj root@ubuntu-bionic
-----END SSH HOST KEY KEYS-----
[   57.274328] cloud-init[1542]: Cloud-init v. 23.1.2-0ubuntu0~18.04.1 running 'modules:final' at Sat, 09 Nov 2024 23:15:55 +0000. Up 56.20 seconds.
[   57.343588] cloud-init[1542]: Cloud-init v. 23.1.2-0ubuntu0~18.04.1 finished at Sat, 09 Nov 2024 23:15:56 +0000. Datasource DataSourceNoCloud [seed=/dev/sdb][dsmode=net].  Up 57.25 seconds
